AR procesadormonociclo behavioral C:/Users/ANDRES/Documents/2016-2/Arquitectura/Entrega2/Entrega2/Entrega2/Entrega2/ProcesadorMonociclo.vhd sub00/vhpl25 1477496619
AR seu_32 arq_seu32 C:/Users/ANDRES/Documents/2016-2/Arquitectura/Entrega2/Entrega2/Entrega2/Entrega2/seu_32.vhd sub00/vhpl13 1477496607
EN psr NULL C:/Users/Usuario/Desktop/Arquitectura/procesador4/Entrega2/Entrega2/Entrega2/Entrega2/psr.vhd sub00/vhpl22 1477505173
AR ucontrol arq_uc C:/Users/ANDRES/Documents/2016-2/Arquitectura/Entrega2/Entrega2/Entrega2/Entrega2/ucontrol.vhd sub00/vhpl09 1477496603
EN instruction_memory NULL C:/Users/ANDRES/Documents/2016-2/Arquitectura/Entrega2/Entrega2/Entrega2/Entrega2/Instruction_Memory.vhd sub00/vhpl06 1477496600
EN mux_32 NULL C:/Users/ANDRES/Documents/2016-2/Arquitectura/Entrega2/Entrega2/Entrega2/Entrega2/MUX_32.vhd sub00/vhpl14 1477496608
AR alu32 arq_alu C:/Users/ANDRES/Documents/2016-2/Arquitectura/Entrega2/Entrega2/Entrega2/Entrega2/alu32.vhd sub00/vhpl17 1477496611
EN pc NULL C:/Users/ANDRES/Documents/2016-2/Arquitectura/Entrega2/Entrega2/Entrega2/Entrega2/PC.vhd sub00/vhpl02 1477496596
EN procesadormonociclo NULL C:/Users/ANDRES/Documents/2016-2/Arquitectura/Entrega2/Entrega2/Entrega2/Entrega2/ProcesadorMonociclo.vhd sub00/vhpl24 1477496618
AR psr_modifier behavioral C:/Users/ANDRES/Documents/2016-2/Arquitectura/Entrega2/Entrega2/Entrega2/Entrega2/PSR_Modifier.vhd sub00/vhpl21 1477496615
EN ucontrol NULL C:/Users/ANDRES/Documents/2016-2/Arquitectura/Entrega2/Entrega2/Entrega2/Entrega2/ucontrol.vhd sub00/vhpl08 1477496602
EN nprogramcounter NULL C:/Users/ANDRES/Documents/2016-2/Arquitectura/Entrega2/Entrega2/Entrega2/Entrega2/nProgramCounter.vhd sub00/vhpl00 1477496594
AR mux_32 behavioral C:/Users/ANDRES/Documents/2016-2/Arquitectura/Entrega2/Entrega2/Entrega2/Entrega2/MUX_32.vhd sub00/vhpl15 1477496609
AR psr arq_psr C:/Users/Usuario/Desktop/Arquitectura/procesador4/Entrega2/Entrega2/Entrega2/Entrega2/psr.vhd sub00/vhpl23 1477505174
EN wm NULL C:/Users/ANDRES/Desktop/Entrega2/WM.vhd sub00/vhpl18 1477605097
AR nprogramcounter behavioral C:/Users/ANDRES/Documents/2016-2/Arquitectura/Entrega2/Entrega2/Entrega2/Entrega2/nProgramCounter.vhd sub00/vhpl01 1477496595
EN sumador_32b NULL C:/Users/ANDRES/Documents/2016-2/Arquitectura/Entrega2/Entrega2/Entrega2/Entrega2/sumador_32b.vhd sub00/vhpl04 1477496598
EN psr_modifier NULL C:/Users/ANDRES/Documents/2016-2/Arquitectura/Entrega2/Entrega2/Entrega2/Entrega2/PSR_Modifier.vhd sub00/vhpl20 1477496614
AR registerfile behavioral C:/Users/Usuario/Desktop/Arquitectura/procesador4/Entrega2/Entrega2/Entrega2/Entrega2/registerFile.vhd sub00/vhpl11 1477506519
EN seu_32 NULL C:/Users/ANDRES/Documents/2016-2/Arquitectura/Entrega2/Entrega2/Entrega2/Entrega2/seu_32.vhd sub00/vhpl12 1477496606
EN alu32 NULL C:/Users/ANDRES/Documents/2016-2/Arquitectura/Entrega2/Entrega2/Entrega2/Entrega2/alu32.vhd sub00/vhpl16 1477496610
AR sumador_32b arq_sum32 C:/Users/ANDRES/Documents/2016-2/Arquitectura/Entrega2/Entrega2/Entrega2/Entrega2/sumador_32b.vhd sub00/vhpl05 1477496599
AR wm behavioral C:/Users/ANDRES/Desktop/Entrega2/WM.vhd sub00/vhpl19 1477605098
AR pc behavioral C:/Users/ANDRES/Documents/2016-2/Arquitectura/Entrega2/Entrega2/Entrega2/Entrega2/PC.vhd sub00/vhpl03 1477496597
AR instruction_memory behavioral C:/Users/ANDRES/Documents/2016-2/Arquitectura/Entrega2/Entrega2/Entrega2/Entrega2/Instruction_Memory.vhd sub00/vhpl07 1477496601
EN registerfile NULL C:/Users/Usuario/Desktop/Arquitectura/procesador4/Entrega2/Entrega2/Entrega2/Entrega2/registerFile.vhd sub00/vhpl10 1477506518
